TAP version 13
# Subtest: fixed DELETE admin/messages/x relay
ok 1 - fixed DELETE admin/messages/x relay
  ---
  duration_ms: 25.6955
  type: 'test'
  ...
# Subtest: fixed DELETE admin/notes/x relay
ok 2 - fixed DELETE admin/notes/x relay
  ---
  duration_ms: 0.698375
  type: 'test'
  ...
# Subtest: fixed DELETE admin/affiliates/x relay
ok 3 - fixed DELETE admin/affiliates/x relay
  ---
  duration_ms: 0.564958
  type: 'test'
  ...
# Subtest: fixed DELETE admin/commissions/x relay
ok 4 - fixed DELETE admin/commissions/x relay
  ---
  duration_ms: 0.247917
  type: 'test'
  ...
# Subtest: fixed POST admin/app relay
ok 5 - fixed POST admin/app relay
  ---
  duration_ms: 0.565416
  type: 'test'
  ...
# Subtest: fixed POST tiktok relay
ok 6 - fixed POST tiktok relay
  ---
  duration_ms: 0.620875
  type: 'test'
  ...
# Subtest: fixed PATCH admin/tiktok relay
ok 7 - fixed PATCH admin/tiktok relay
  ---
  duration_ms: 0.376458
  type: 'test'
  ...
# Subtest: fixed PATCH admin/rankings relay
ok 8 - fixed PATCH admin/rankings relay
  ---
  duration_ms: 0.192417
  type: 'test'
  ...
# Subtest: fixed DELETE admin/tiktok/x relay
ok 9 - fixed DELETE admin/tiktok/x relay
  ---
  duration_ms: 0.52175
  type: 'test'
  ...
# Subtest: unchanged form helper retains UUID and throws on lost committed acknowledgement
ok 10 - unchanged form helper retains UUID and throws on lost committed acknowledgement
  ---
  duration_ms: 3.769666
  type: 'test'
  ...
1..10
# tests 10
# suites 0
# pass 10
# fail 0
# cancelled 0
# skipped 0
# todo 0
# duration_ms 168.781417
