TAP version 13
# Subtest: actual Messages handler: lost preserves retry until confirmed
ok 1 - actual Messages handler: lost preserves retry until confirmed
  ---
  duration_ms: 21.672625
  type: 'test'
  ...
# Subtest: actual Messages handler: truncated preserves retry until confirmed
ok 2 - actual Messages handler: truncated preserves retry until confirmed
  ---
  duration_ms: 2.676917
  type: 'test'
  ...
# Subtest: actual Messages handler: negative-dto preserves retry until confirmed
ok 3 - actual Messages handler: negative-dto preserves retry until confirmed
  ---
  duration_ms: 2.045042
  type: 'test'
  ...
# Subtest: actual Messages handler: negative-http preserves retry until confirmed
ok 4 - actual Messages handler: negative-http preserves retry until confirmed
  ---
  duration_ms: 2.076583
  type: 'test'
  ...
# Subtest: actual Messages handler: unconfirmed-dto preserves retry until confirmed
ok 5 - actual Messages handler: unconfirmed-dto preserves retry until confirmed
  ---
  duration_ms: 3.001875
  type: 'test'
  ...
# Subtest: actual Messages handler: confirmed preserves retry until confirmed
ok 6 - actual Messages handler: confirmed preserves retry until confirmed
  ---
  duration_ms: 4.632791
  type: 'test'
  ...
# Subtest: actual Messages handler: cancel preserves retry until confirmed
ok 7 - actual Messages handler: cancel preserves retry until confirmed
  ---
  duration_ms: 1.25975
  type: 'test'
  ...
# Subtest: Messages JSX equals pinned pre-fix source
ok 8 - Messages JSX equals pinned pre-fix source
  ---
  duration_ms: 27.65325
  type: 'test'
  ...
1..8
# tests 8
# suites 0
# pass 8
# fail 0
# cancelled 0
# skipped 0
# todo 0
# duration_ms 288.735292
